// Jest Snapshot v1, https://goo.gl/fbAQLP

exports[`App renders properly 1`] = `
<div
  className="App"
>
  <Switch>
    <Route
      component={[Function]}
      exact={true}
      path="/admin/events/register/"
    />
    <Redirect
      from="**"
      push={false}
      to="/admin/events/register/"
    />
  </Switch>
</div>
`;
